[lock] GPU busy (96%), settling (1/30)
+ cd /Users/andoroid/dev/jolt-wasm-prover/.worktrees/w4-m-verify
+ export PW_CHANNEL=chrome BENCH_BASE=http://localhost:8248
+ PW_CHANNEL=chrome
+ BENCH_BASE=http://localhost:8248
+ BENCH_TRACING=0
+ BENCH_WEBGPU='{}'
+ node bench-chain.mjs 1111 10
[page] jolt-wasm-prover build tag 2
[page] jolt-wasm-prover build tag 2
[page] [worker] webgpu up: gpu-worker 6ms, device+pipelines 1188ms
[page] [worker] webgpu up: gpu-worker 4ms, device+pipelines 1237ms
worker ready, sha2-chain loaded (tracing=false, webgpu={})
{"iters":1111,"run":1,"log2Padded":22,"proveSeconds":33.05280499982834,"verifySeconds":0.28882999992370606,"valid":true,"numCycles":3405195,"paddedCycles":4194304,"proofSize":91019,"peakMemory":2603876352,"millerServed":50,"mhz":0.1268970666792662}
iters=1111 run 1: prove 33.05s (2^22 padded, 0.127 MHz), verify 0.29s, valid=true, peak 2483 MB, miller 50
{"iters":1111,"run":2,"log2Padded":22,"proveSeconds":26.703224999904634,"verifySeconds":0.2837000000476837,"valid":true,"numCycles":3405195,"paddedCycles":4194304,"proofSize":91019,"peakMemory":2603876352,"millerServed":100,"mhz":0.15707106538685792}
iters=1111 run 2: prove 26.70s (2^22 padded, 0.157 MHz), verify 0.28s, valid=true, peak 2483 MB, miller 100
{"iters":1111,"run":3,"log2Padded":22,"proveSeconds":28.583829999923704,"verifySeconds":0.2854449999332428,"valid":true,"numCycles":3405195,"paddedCycles":4194304,"proofSize":91019,"peakMemory":2603876352,"millerServed":150,"mhz":0.14673694882775318}
iters=1111 run 3: prove 28.58s (2^22 padded, 0.147 MHz), verify 0.29s, valid=true, peak 2483 MB, miller 150
{"iters":1111,"run":4,"log2Padded":22,"proveSeconds":27.82275,"verifySeconds":0.2835050001144409,"valid":true,"numCycles":3405195,"paddedCycles":4194304,"proofSize":91019,"peakMemory":2956394496,"millerServed":200,"mhz":0.15075087832798698}
iters=1111 run 4: prove 27.82s (2^22 padded, 0.151 MHz), verify 0.28s, valid=true, peak 2819 MB, miller 200
{"iters":1111,"run":5,"log2Padded":22,"proveSeconds":29.180894999980925,"verifySeconds":0.28329500007629393,"valid":true,"numCycles":3405195,"paddedCycles":4194304,"proofSize":91019,"peakMemory":2956394496,"millerServed":250,"mhz":0.1437345907314612}
iters=1111 run 5: prove 29.18s (2^22 padded, 0.144 MHz), verify 0.28s, valid=true, peak 2819 MB, miller 250
{"iters":1111,"run":6,"log2Padded":22,"proveSeconds":28.156674999952315,"verifySeconds":0.283579999923706,"valid":true,"numCycles":3405195,"paddedCycles":4194304,"proofSize":91019,"peakMemory":2956394496,"millerServed":300,"mhz":0.14896304339937522}
iters=1111 run 6: prove 28.16s (2^22 padded, 0.149 MHz), verify 0.28s, valid=true, peak 2819 MB, miller 300
{"iters":1111,"run":7,"log2Padded":22,"proveSeconds":28.147360000133514,"verifySeconds":0.2832850000858307,"valid":true,"numCycles":3405195,"paddedCycles":4194304,"proofSize":91019,"peakMemory":2956394496,"millerServed":350,"mhz":0.14901234076588726}
iters=1111 run 7: prove 28.15s (2^22 padded, 0.149 MHz), verify 0.28s, valid=true, peak 2819 MB, miller 350
{"iters":1111,"run":8,"log2Padded":22,"proveSeconds":29.132394999980928,"verifySeconds":0.28401999998092653,"valid":true,"numCycles":3405195,"paddedCycles":4194304,"proofSize":91019,"peakMemory":2956394496,"millerServed":400,"mhz":0.14397388199640798}
iters=1111 run 8: prove 29.13s (2^22 padded, 0.144 MHz), verify 0.28s, valid=true, peak 2819 MB, miller 400
{"iters":1111,"run":9,"log2Padded":22,"proveSeconds":27.68015499997139,"verifySeconds":0.28307499980926515,"valid":true,"numCycles":3405195,"paddedCycles":4194304,"proofSize":91019,"peakMemory":2956394496,"millerServed":450,"mhz":0.1515274751895116}
iters=1111 run 9: prove 27.68s (2^22 padded, 0.152 MHz), verify 0.28s, valid=true, peak 2819 MB, miller 450
{"iters":1111,"run":10,"log2Padded":22,"proveSeconds":27.6265,"verifySeconds":0.2830750000476837,"valid":true,"numCycles":3405195,"paddedCycles":4194304,"proofSize":91019,"peakMemory":2956394496,"millerServed":500,"mhz":0.151821765334009}
iters=1111 run 10: prove 27.63s (2^22 padded, 0.152 MHz), verify 0.28s, valid=true, peak 2819 MB, miller 500
{
 "summary": [
  {
   "iters": 1111,
   "log2Padded": 22,
   "runs": [
    33.05,
    26.7,
    28.58,
    27.82,
    29.18,
    28.16,
    28.15,
    29.13,
    27.68,
    27.63
   ],
   "median": 28.16,
   "medianMhz": 0.149,
   "verifySeconds": 0.28882999992370606,
   "proofSize": 91019
  }
 ]
}
