[lock] GPU busy (94%), settling (1/30)
+ cd /Users/andoroid/dev/jolt-wasm-prover/.worktrees/u3b-verify
+ export PW_CHANNEL=chrome BENCH_BASE=http://localhost:8247
+ PW_CHANNEL=chrome
+ BENCH_BASE=http://localhost:8247
+ RW_OFF='{"minTermsRamRw":1073741824}'
+ BENCH_WEBGPU='{}'
+ node trace-chain.mjs 1111 1 /tmp/v2-trace-on
[page] Failed to load resource: the server responded with a status of 404 (Not Found)
[page] jolt-wasm-prover build tag 2
[page] [worker] webgpu up: gpu-worker 4ms, device+pipelines 709ms
worker ready (tracing on), sha2-chain loaded
run 1: prove 35.94s (2^22), trace 0.5 MB -> /tmp/v2-trace-on-r1.json
{"run":1,"iters":1111,"proveSeconds":35.93520500016213,"paddedCycles":4194304,"peakMemory":2603941888,"file":"/tmp/v2-trace-on-r1.json"}
{"iters":1111,"walls":[35.93520500016213],"prefix":"/tmp/v2-trace-on"}
+ BENCH_WEBGPU='{"minTermsRamRw":1073741824}'
+ node trace-chain.mjs 1111 1 /tmp/v2-trace-rw0
[page] Failed to load resource: the server responded with a status of 404 (Not Found)
[page] jolt-wasm-prover build tag 2
[page] [worker] webgpu up: gpu-worker 4ms, device+pipelines 669ms
worker ready (tracing on), sha2-chain loaded
run 1: prove 32.72s (2^22), trace 0.5 MB -> /tmp/v2-trace-rw0-r1.json
{"run":1,"iters":1111,"proveSeconds":32.72036500000954,"paddedCycles":4194304,"peakMemory":2603941888,"file":"/tmp/v2-trace-rw0-r1.json"}
{"iters":1111,"walls":[32.72036500000954],"prefix":"/tmp/v2-trace-rw0"}
+ BENCH_TRACING=0
+ BENCH_WEBGPU='{}'
+ node bench-chain.mjs 1111 3
[page] jolt-wasm-prover build tag 2
[page] jolt-wasm-prover build tag 2
[page] [worker] webgpu up: gpu-worker 18ms, device+pipelines 3110ms
[page] [worker] webgpu up: gpu-worker 17ms, device+pipelines 3129ms
worker ready, sha2-chain loaded (tracing=false, webgpu={})
{"iters":1111,"run":1,"log2Padded":22,"proofSha256":"456a5012da2e5185a1381c6eff398a2fdf4522ba9068d50f6a8c11b73518cedf","proveSeconds":39.91108500003815,"verifySeconds":0.3033949999809265,"valid":true,"numCycles":3405195,"paddedCycles":4194304,"proofSize":91019,"peakMemory":2515402752,"millerServed":50,"mhz":0.10509120461135023}
iters=1111 run 1: prove 39.91s (2^22 padded, 0.105 MHz), verify 0.30s, valid=true, peak 2399 MB, miller 50
{"iters":1111,"run":2,"log2Padded":22,"proofSha256":"456a5012da2e5185a1381c6eff398a2fdf4522ba9068d50f6a8c11b73518cedf","proveSeconds":36.601790000200275,"verifySeconds":0.3030050001144409,"valid":true,"numCycles":3405195,"paddedCycles":4194304,"proofSize":91019,"peakMemory":2515402752,"millerServed":100,"mhz":0.11459286553955558}
iters=1111 run 2: prove 36.60s (2^22 padded, 0.115 MHz), verify 0.30s, valid=true, peak 2399 MB, miller 100
{"iters":1111,"run":3,"log2Padded":22,"proofSha256":"456a5012da2e5185a1381c6eff398a2fdf4522ba9068d50f6a8c11b73518cedf","proveSeconds":31.958134999990463,"verifySeconds":0.28758500003814697,"valid":true,"numCycles":3405195,"paddedCycles":4194304,"proofSize":91019,"peakMemory":2515402752,"millerServed":150,"mhz":0.13124370367673993}
iters=1111 run 3: prove 31.96s (2^22 padded, 0.131 MHz), verify 0.29s, valid=true, peak 2399 MB, miller 150
{
 "summary": [
  {
   "iters": 1111,
   "log2Padded": 22,
   "runs": [
    39.91,
    36.6,
    31.96
   ],
   "median": 36.6,
   "medianMhz": 0.115,
   "verifySeconds": 0.3033949999809265,
   "proofSize": 91019
  }
 ]
}
+ BENCH_TRACING=0
+ BENCH_WEBGPU='{"minTermsRamRw":1073741824}'
+ node bench-chain.mjs 1111 3
[page] jolt-wasm-prover build tag 2
[page] jolt-wasm-prover build tag 2
[page] [worker] webgpu up: gpu-worker 4ms, device+pipelines 1332ms
[page] [worker] webgpu up: gpu-worker 4ms, device+pipelines 1338ms
worker ready, sha2-chain loaded (tracing=false, webgpu={"minTermsRamRw":1073741824})
{"iters":1111,"run":1,"log2Padded":22,"proofSha256":"456a5012da2e5185a1381c6eff398a2fdf4522ba9068d50f6a8c11b73518cedf","proveSeconds":30.989920000076292,"verifySeconds":0.28867499995231627,"valid":true,"numCycles":3405195,"paddedCycles":4194304,"proofSize":91019,"peakMemory":2515402752,"millerServed":50,"mhz":0.13534413770637918}
iters=1111 run 1: prove 30.99s (2^22 padded, 0.135 MHz), verify 0.29s, valid=true, peak 2399 MB, miller 50
{"iters":1111,"run":2,"log2Padded":22,"proofSha256":"456a5012da2e5185a1381c6eff398a2fdf4522ba9068d50f6a8c11b73518cedf","proveSeconds":29.054399999856948,"verifySeconds":0.288125,"valid":true,"numCycles":3405195,"paddedCycles":4194304,"proofSize":91019,"peakMemory":2515402752,"millerServed":100,"mhz":0.14436037226790613}
iters=1111 run 2: prove 29.05s (2^22 padded, 0.144 MHz), verify 0.29s, valid=true, peak 2399 MB, miller 100
{"iters":1111,"run":3,"log2Padded":22,"proofSha256":"456a5012da2e5185a1381c6eff398a2fdf4522ba9068d50f6a8c11b73518cedf","proveSeconds":30.507704999923707,"verifySeconds":0.28664999985694883,"valid":true,"numCycles":3405195,"paddedCycles":4194304,"proofSize":91019,"peakMemory":2515402752,"millerServed":150,"mhz":0.13748343246437217}
iters=1111 run 3: prove 30.51s (2^22 padded, 0.137 MHz), verify 0.29s, valid=true, peak 2399 MB, miller 150
{
 "summary": [
  {
   "iters": 1111,
   "log2Padded": 22,
   "runs": [
    30.99,
    29.05,
    30.51
   ],
   "median": 30.51,
   "medianMhz": 0.137,
   "verifySeconds": 0.28867499995231627,
   "proofSize": 91019
  }
 ]
}
+ BENCH_TRACING=0
+ BENCH_WEBGPU='{}'
+ node bench-chain.mjs 278 3
[page] jolt-wasm-prover build tag 2
[page] jolt-wasm-prover build tag 2
[page] [worker] webgpu up: gpu-worker 5ms, device+pipelines 1401ms
[page] [worker] webgpu up: gpu-worker 6ms, device+pipelines 1410ms
worker ready, sha2-chain loaded (tracing=false, webgpu={})
{"iters":278,"run":1,"log2Padded":20,"proofSha256":"8bb733666c0b55e2c548c0bef8c7c69f34322bf745f15d2b2a63673d32264337","proveSeconds":12.705040000200272,"verifySeconds":0.2728100001811981,"valid":true,"numCycles":852883,"paddedCycles":1048576,"proofSize":86687,"peakMemory":972619776,"millerServed":44,"mhz":0.08253228639842701}
iters=278 run 1: prove 12.71s (2^20 padded, 0.083 MHz), verify 0.27s, valid=true, peak 928 MB, miller 44
{"iters":278,"run":2,"log2Padded":20,"proofSha256":"8bb733666c0b55e2c548c0bef8c7c69f34322bf745f15d2b2a63673d32264337","proveSeconds":9.973795000076294,"verifySeconds":0.2682350001335144,"valid":true,"numCycles":852883,"paddedCycles":1048576,"proofSize":86687,"peakMemory":1060962304,"millerServed":88,"mhz":0.10513310129113132}
iters=278 run 2: prove 9.97s (2^20 padded, 0.105 MHz), verify 0.27s, valid=true, peak 1012 MB, miller 88
{"iters":278,"run":3,"log2Padded":20,"proofSha256":"8bb733666c0b55e2c548c0bef8c7c69f34322bf745f15d2b2a63673d32264337","proveSeconds":13.733184999942779,"verifySeconds":0.37081999993324277,"valid":true,"numCycles":852883,"paddedCycles":1048576,"proofSize":86687,"peakMemory":1060962304,"millerServed":132,"mhz":0.07635344605088835}
iters=278 run 3: prove 13.73s (2^20 padded, 0.076 MHz), verify 0.37s, valid=true, peak 1012 MB, miller 132
{
 "summary": [
  {
   "iters": 278,
   "log2Padded": 20,
   "runs": [
    12.71,
    9.97,
    13.73
   ],
   "median": 12.71,
   "medianMhz": 0.083,
   "verifySeconds": 0.2728100001811981,
   "proofSize": 86687
  }
 ]
}
+ BENCH_TRACING=0
+ BENCH_WEBGPU='{"minTermsRamRw":1073741824}'
+ node bench-chain.mjs 278 3
[page] jolt-wasm-prover build tag 2
[page] jolt-wasm-prover build tag 2
[page] [worker] webgpu up: gpu-worker 4ms, device+pipelines 1524ms
[page] [worker] webgpu up: gpu-worker 5ms, device+pipelines 1535ms
worker ready, sha2-chain loaded (tracing=false, webgpu={"minTermsRamRw":1073741824})
{"iters":278,"run":1,"log2Padded":20,"proofSha256":"8bb733666c0b55e2c548c0bef8c7c69f34322bf745f15d2b2a63673d32264337","proveSeconds":18.970659999847413,"verifySeconds":0.766835000038147,"valid":true,"numCycles":852883,"paddedCycles":1048576,"proofSize":86687,"peakMemory":919011328,"millerServed":44,"mhz":0.05527356454696009}
iters=278 run 1: prove 18.97s (2^20 padded, 0.055 MHz), verify 0.77s, valid=true, peak 876 MB, miller 44
{"iters":278,"run":2,"log2Padded":20,"proofSha256":"8bb733666c0b55e2c548c0bef8c7c69f34322bf745f15d2b2a63673d32264337","proveSeconds":18.368769999980927,"verifySeconds":0.5603849999904632,"valid":true,"numCycles":852883,"paddedCycles":1048576,"proofSize":86687,"peakMemory":1007353856,"millerServed":88,"mhz":0.057084714980975254}
iters=278 run 2: prove 18.37s (2^20 padded, 0.057 MHz), verify 0.56s, valid=true, peak 961 MB, miller 88
{"iters":278,"run":3,"log2Padded":20,"proofSha256":"8bb733666c0b55e2c548c0bef8c7c69f34322bf745f15d2b2a63673d32264337","proveSeconds":14.210054999828339,"verifySeconds":0.5014949998855591,"valid":true,"numCycles":852883,"paddedCycles":1048576,"proofSize":86687,"peakMemory":1007353856,"millerServed":132,"mhz":0.07379112888814766}
iters=278 run 3: prove 14.21s (2^20 padded, 0.074 MHz), verify 0.50s, valid=true, peak 961 MB, miller 132
{
 "summary": [
  {
   "iters": 278,
   "log2Padded": 20,
   "runs": [
    18.97,
    18.37,
    14.21
   ],
   "median": 18.37,
   "medianMhz": 0.057,
   "verifySeconds": 0.766835000038147,
   "proofSize": 86687
  }
 ]
}
